../Core/Src/main.c:89:6:input_button	8	static
../Core/Src/main.c:146:5:button_check	16	static
../Core/Src/main.c:184:6:led_check	8	static
../Core/Src/main.c:220:6:motor_on	8	static
../Core/Src/main.c:257:6:motor_off	8	static
../Core/Src/main.c:265:6:motor_delay	16	static
../Core/Src/main.c:281:6:up_floor	16	static
../Core/Src/main.c:333:6:down_floor	16	static
../Core/Src/main.c:385:6:go_floor	16	static
../Core/Src/main.c:395:6:update_currentFloor	8	static
../Core/Src/main.c:418:5:main	8	static
../Core/Src/main.c:472:6:SystemClock_Config	72	static
../Core/Src/main.c:512:13:MX_TIM2_Init	32	static
../Core/Src/main.c:557:13:MX_USART2_UART_Init	8	static
../Core/Src/main.c:590:13:MX_GPIO_Init	40	static
../Core/Src/main.c:668:6:HAL_GPIO_EXTI_Callback	16	static
../Core/Src/main.c:707:6:Error_Handler	4	static,ignoring_inline_asm
